Archive member included because of file (symbol)

c:/users/admin/downloads/imt_sdk_win_64/imt_sdk_win_64/winavr/bin/../lib/gcc/avr/4.3.3/avr5\libgcc.a(_exit.o)
                              c:/users/admin/downloads/imt_sdk_win_64/imt_sdk_win_64/winavr/bin/../lib/gcc/avr/4.3.3/../../../../avr/lib/avr5/crtm328p.o (exit)
c:/users/admin/downloads/imt_sdk_win_64/imt_sdk_win_64/winavr/bin/../lib/gcc/avr/4.3.3/avr5\libgcc.a(_clear_bss.o)
                              ./app.o (__do_clear_bss)
c:/users/admin/downloads/imt_sdk_win_64/imt_sdk_win_64/winavr/bin/../lib/gcc/avr/4.3.3/../../../../avr/lib/avr5\libc.a(eerd_byte_atmega328p.o)
                              ./app.o (__eerd_byte_m328p)
c:/users/admin/downloads/imt_sdk_win_64/imt_sdk_win_64/winavr/bin/../lib/gcc/avr/4.3.3/../../../../avr/lib/avr5\libc.a(eeupd_byte_atmega328p.o)
                              ./app.o (__eeupd_byte_m328p)

Allocating common symbols
Common symbol       size              file

u8RxBuffer          0xff              ./app.o
u8len               0x1               ./app.o

Memory Configuration

Name             Origin             Length             Attributes
text             0x00000000         0x00020000         xr
data             0x00800060         0x0000ffa0         rw !x
eeprom           0x00810000         0x00010000         rw !x
fuse             0x00820000         0x00000400         rw !x
lock             0x00830000         0x00000400         rw !x
signature        0x00840000         0x00000400         rw !x
*default*        0x00000000         0xffffffff

Linker script and memory map

Address of section .data set to 0x800100
LOAD c:/users/admin/downloads/imt_sdk_win_64/imt_sdk_win_64/winavr/bin/../lib/gcc/avr/4.3.3/../../../../avr/lib/avr5/crtm328p.o
LOAD ./app.o
LOAD ./flashing_manager.o
LOAD ./uart.o
LOAD c:/users/admin/downloads/imt_sdk_win_64/imt_sdk_win_64/winavr/bin/../lib/gcc/avr/4.3.3/avr5\libgcc.a
LOAD c:/users/admin/downloads/imt_sdk_win_64/imt_sdk_win_64/winavr/bin/../lib/gcc/avr/4.3.3/../../../../avr/lib/avr5\libc.a
LOAD c:/users/admin/downloads/imt_sdk_win_64/imt_sdk_win_64/winavr/bin/../lib/gcc/avr/4.3.3/avr5\libgcc.a
Address of section .text set to 0x7000

.hash
 *(.hash)

.dynsym
 *(.dynsym)

.dynstr
 *(.dynstr)

.gnu.version
 *(.gnu.version)

.gnu.version_d
 *(.gnu.version_d)

.gnu.version_r
 *(.gnu.version_r)

.rel.init
 *(.rel.init)

.rela.init
 *(.rela.init)

.rel.text
 *(.rel.text)
 *(.rel.text.*)
 *(.rel.gnu.linkonce.t*)

.rela.text
 *(.rela.text)
 *(.rela.text.*)
 *(.rela.gnu.linkonce.t*)

.rel.fini
 *(.rel.fini)

.rela.fini
 *(.rela.fini)

.rel.rodata
 *(.rel.rodata)
 *(.rel.rodata.*)
 *(.rel.gnu.linkonce.r*)

.rela.rodata
 *(.rela.rodata)
 *(.rela.rodata.*)
 *(.rela.gnu.linkonce.r*)

.rel.data
 *(.rel.data)
 *(.rel.data.*)
 *(.rel.gnu.linkonce.d*)

.rela.data
 *(.rela.data)
 *(.rela.data.*)
 *(.rela.gnu.linkonce.d*)

.rel.ctors
 *(.rel.ctors)

.rela.ctors
 *(.rela.ctors)

.rel.dtors
 *(.rel.dtors)

.rela.dtors
 *(.rela.dtors)

.rel.got
 *(.rel.got)

.rela.got
 *(.rela.got)

.rel.bss
 *(.rel.bss)

.rela.bss
 *(.rela.bss)

.rel.plt
 *(.rel.plt)

.rela.plt
 *(.rela.plt)

.text           0x00007000      0x406
 *(.vectors)
 .vectors       0x00007000       0x68 c:/users/admin/downloads/imt_sdk_win_64/imt_sdk_win_64/winavr/bin/../lib/gcc/avr/4.3.3/../../../../avr/lib/avr5/crtm328p.o
                0x00007000                __vectors
                0x00007000                __vector_default
 *(.vectors)
 *(.progmem.gcc*)
 *(.progmem*)
                0x00007068                . = ALIGN (0x2)
                0x00007068                __trampolines_start = .
 *(.trampolines)
 .trampolines   0x00007068        0x0 linker stubs
 *(.trampolines*)
                0x00007068                __trampolines_end = .
 *(.jumptables)
 *(.jumptables*)
 *(.lowtext)
 *(.lowtext*)
                0x00007068                __ctors_start = .
 *(.ctors)
                0x00007068                __ctors_end = .
                0x00007068                __dtors_start = .
 *(.dtors)
                0x00007068                __dtors_end = .
 SORT(*)(.ctors)
 SORT(*)(.dtors)
 *(.init0)
 .init0         0x00007068        0x0 c:/users/admin/downloads/imt_sdk_win_64/imt_sdk_win_64/winavr/bin/../lib/gcc/avr/4.3.3/../../../../avr/lib/avr5/crtm328p.o
                0x00007068                __init
 *(.init0)
 *(.init1)
 *(.init1)
 *(.init2)
 .init2         0x00007068        0xc c:/users/admin/downloads/imt_sdk_win_64/imt_sdk_win_64/winavr/bin/../lib/gcc/avr/4.3.3/../../../../avr/lib/avr5/crtm328p.o
 *(.init2)
 *(.init3)
 *(.init3)
 *(.init4)
 .init4         0x00007074       0x10 c:/users/admin/downloads/imt_sdk_win_64/imt_sdk_win_64/winavr/bin/../lib/gcc/avr/4.3.3/avr5\libgcc.a(_clear_bss.o)
                0x00007074                __do_clear_bss
 *(.init4)
 *(.init5)
 *(.init5)
 *(.init6)
 *(.init6)
 *(.init7)
 *(.init7)
 *(.init8)
 *(.init8)
 *(.init9)
 .init9         0x00007084        0x8 c:/users/admin/downloads/imt_sdk_win_64/imt_sdk_win_64/winavr/bin/../lib/gcc/avr/4.3.3/../../../../avr/lib/avr5/crtm328p.o
 *(.init9)
 *(.text)
 .text          0x0000708c        0x4 c:/users/admin/downloads/imt_sdk_win_64/imt_sdk_win_64/winavr/bin/../lib/gcc/avr/4.3.3/../../../../avr/lib/avr5/crtm328p.o
                0x0000708c                __vector_22
                0x0000708c                __vector_1
                0x0000708c                __vector_24
                0x0000708c                __vector_12
                0x0000708c                __bad_interrupt
                0x0000708c                __vector_6
                0x0000708c                __vector_3
                0x0000708c                __vector_23
                0x0000708c                __vector_25
                0x0000708c                __vector_11
                0x0000708c                __vector_13
                0x0000708c                __vector_17
                0x0000708c                __vector_19
                0x0000708c                __vector_7
                0x0000708c                __vector_5
                0x0000708c                __vector_4
                0x0000708c                __vector_9
                0x0000708c                __vector_2
                0x0000708c                __vector_21
                0x0000708c                __vector_15
                0x0000708c                __vector_8
                0x0000708c                __vector_14
                0x0000708c                __vector_10
                0x0000708c                __vector_16
                0x0000708c                __vector_18
                0x0000708c                __vector_20
 .text          0x00007090        0x0 ./app.o
 .text          0x00007090        0x0 ./flashing_manager.o
 .text          0x00007090        0x0 ./uart.o
 .text          0x00007090        0x0 c:/users/admin/downloads/imt_sdk_win_64/imt_sdk_win_64/winavr/bin/../lib/gcc/avr/4.3.3/avr5\libgcc.a(_exit.o)
 .text          0x00007090        0x0 c:/users/admin/downloads/imt_sdk_win_64/imt_sdk_win_64/winavr/bin/../lib/gcc/avr/4.3.3/avr5\libgcc.a(_clear_bss.o)
 .text          0x00007090        0x0 c:/users/admin/downloads/imt_sdk_win_64/imt_sdk_win_64/winavr/bin/../lib/gcc/avr/4.3.3/../../../../avr/lib/avr5\libc.a(eerd_byte_atmega328p.o)
 .text          0x00007090        0x0 c:/users/admin/downloads/imt_sdk_win_64/imt_sdk_win_64/winavr/bin/../lib/gcc/avr/4.3.3/../../../../avr/lib/avr5\libc.a(eeupd_byte_atmega328p.o)
                0x00007090                . = ALIGN (0x2)
 *(.text.*)
 .text.main     0x00007090       0x5e ./app.o
                0x00007090                main
 .text.boot_program_page
                0x000070ee       0x9e ./flashing_manager.o
                0x000070ee                boot_program_page
 .text.flashing_vidRxNotification
                0x0000718c       0x22 ./flashing_manager.o
                0x0000718c                flashing_vidRxNotification
 .text.falshing_mang_from_app
                0x000071ae       0x14 ./flashing_manager.o
                0x000071ae                falshing_mang_from_app
 .text.flashingMngr_vidMainTask
                0x000071c2      0x17a ./flashing_manager.o
                0x000071c2                flashingMngr_vidMainTask
 .text.uart_init
                0x0000733c       0x18 ./uart.o
                0x0000733c                uart_init
 .text.uart_send_char
                0x00007354       0x10 ./uart.o
                0x00007354                uart_send_char
 .text.uart_get_char
                0x00007364        0xe ./uart.o
                0x00007364                uart_get_char
 .text.uart_Handler
                0x00007372       0x5c ./uart.o
                0x00007372                uart_Handler
 .text.libgcc   0x000073ce        0x0 c:/users/admin/downloads/imt_sdk_win_64/imt_sdk_win_64/winavr/bin/../lib/gcc/avr/4.3.3/avr5\libgcc.a(_exit.o)
 .text.libgcc   0x000073ce        0x0 c:/users/admin/downloads/imt_sdk_win_64/imt_sdk_win_64/winavr/bin/../lib/gcc/avr/4.3.3/avr5\libgcc.a(_clear_bss.o)
 .text.avr-libc
                0x000073ce       0x10 c:/users/admin/downloads/imt_sdk_win_64/imt_sdk_win_64/winavr/bin/../lib/gcc/avr/4.3.3/../../../../avr/lib/avr5\libc.a(eerd_byte_atmega328p.o)
                0x000073ce                __eerd_byte_m328p
 .text.avr-libc
                0x000073de       0x24 c:/users/admin/downloads/imt_sdk_win_64/imt_sdk_win_64/winavr/bin/../lib/gcc/avr/4.3.3/../../../../avr/lib/avr5\libc.a(eeupd_byte_atmega328p.o)
                0x000073de                __eeupd_byte_m328p
                0x000073e0                __eeupd_r18_m328p
                0x00007402                . = ALIGN (0x2)
 *(.fini9)
 .fini9         0x00007402        0x0 c:/users/admin/downloads/imt_sdk_win_64/imt_sdk_win_64/winavr/bin/../lib/gcc/avr/4.3.3/avr5\libgcc.a(_exit.o)
                0x00007402                exit
                0x00007402                _exit
 *(.fini9)
 *(.fini8)
 *(.fini8)
 *(.fini7)
 *(.fini7)
 *(.fini6)
 *(.fini6)
 *(.fini5)
 *(.fini5)
 *(.fini4)
 *(.fini4)
 *(.fini3)
 *(.fini3)
 *(.fini2)
 *(.fini2)
 *(.fini1)
 *(.fini1)
 *(.fini0)
 .fini0         0x00007402        0x4 c:/users/admin/downloads/imt_sdk_win_64/imt_sdk_win_64/winavr/bin/../lib/gcc/avr/4.3.3/avr5\libgcc.a(_exit.o)
 *(.fini0)
                0x00007406                _etext = .

.data           0x00800100        0x0 load address 0x00007406
                0x00800100                PROVIDE (__data_start, .)
 *(.data)
 .data          0x00800100        0x0 c:/users/admin/downloads/imt_sdk_win_64/imt_sdk_win_64/winavr/bin/../lib/gcc/avr/4.3.3/../../../../avr/lib/avr5/crtm328p.o
 .data          0x00800100        0x0 ./app.o
 .data          0x00800100        0x0 ./flashing_manager.o
 .data          0x00800100        0x0 ./uart.o
 .data          0x00800100        0x0 c:/users/admin/downloads/imt_sdk_win_64/imt_sdk_win_64/winavr/bin/../lib/gcc/avr/4.3.3/avr5\libgcc.a(_exit.o)
 .data          0x00800100        0x0 c:/users/admin/downloads/imt_sdk_win_64/imt_sdk_win_64/winavr/bin/../lib/gcc/avr/4.3.3/avr5\libgcc.a(_clear_bss.o)
 .data          0x00800100        0x0 c:/users/admin/downloads/imt_sdk_win_64/imt_sdk_win_64/winavr/bin/../lib/gcc/avr/4.3.3/../../../../avr/lib/avr5\libc.a(eerd_byte_atmega328p.o)
 .data          0x00800100        0x0 c:/users/admin/downloads/imt_sdk_win_64/imt_sdk_win_64/winavr/bin/../lib/gcc/avr/4.3.3/../../../../avr/lib/avr5\libc.a(eeupd_byte_atmega328p.o)
 *(.data*)
 *(.rodata)
 *(.rodata*)
 *(.gnu.linkonce.d*)
                0x00800100                . = ALIGN (0x2)
                0x00800100                _edata = .
                0x00800100                PROVIDE (__data_end, .)

.bss            0x00800100      0x10d
                0x00800100                PROVIDE (__bss_start, .)
 *(.bss)
 .bss           0x00800100        0x0 c:/users/admin/downloads/imt_sdk_win_64/imt_sdk_win_64/winavr/bin/../lib/gcc/avr/4.3.3/../../../../avr/lib/avr5/crtm328p.o
 .bss           0x00800100        0x0 ./app.o
 .bss           0x00800100        0x0 ./flashing_manager.o
 .bss           0x00800100        0x0 ./uart.o
 .bss           0x00800100        0x0 c:/users/admin/downloads/imt_sdk_win_64/imt_sdk_win_64/winavr/bin/../lib/gcc/avr/4.3.3/avr5\libgcc.a(_exit.o)
 .bss           0x00800100        0x0 c:/users/admin/downloads/imt_sdk_win_64/imt_sdk_win_64/winavr/bin/../lib/gcc/avr/4.3.3/avr5\libgcc.a(_clear_bss.o)
 .bss           0x00800100        0x0 c:/users/admin/downloads/imt_sdk_win_64/imt_sdk_win_64/winavr/bin/../lib/gcc/avr/4.3.3/../../../../avr/lib/avr5\libc.a(eerd_byte_atmega328p.o)
 .bss           0x00800100        0x0 c:/users/admin/downloads/imt_sdk_win_64/imt_sdk_win_64/winavr/bin/../lib/gcc/avr/4.3.3/../../../../avr/lib/avr5\libc.a(eeupd_byte_atmega328p.o)
 *(.bss*)
 .bss.bIsRequestReceived
                0x00800100        0x1 ./flashing_manager.o
 .bss.u8PageNo.1535
                0x00800101        0x1 ./flashing_manager.o
 .bss.u16reicevedlen.1534
                0x00800102        0x2 ./flashing_manager.o
 .bss.u16codesize.1533
                0x00800104        0x2 ./flashing_manager.o
 .bss.u8SID     0x00800106        0x1 ./flashing_manager.o
 .bss.u8ReqLen  0x00800107        0x1 ./flashing_manager.o
 .bss.pu8ReqData
                0x00800108        0x2 ./flashing_manager.o
 .bss.enuDownloadState
                0x0080010a        0x1 ./flashing_manager.o
 .bss.bufferIdx.1253
                0x0080010b        0x1 ./uart.o
 .bss.RxState.1252
                0x0080010c        0x1 ./uart.o
 *(COMMON)
 COMMON         0x0080010d      0x100 ./app.o
                0x0080010d                u8RxBuffer
                0x0080020c                u8len
                0x0080020d                PROVIDE (__bss_end, .)
                0x00007406                __data_load_start = LOADADDR (.data)
                0x00007406                __data_load_end = (__data_load_start + SIZEOF (.data))

.noinit         0x0080020d        0x0
                0x0080020d                PROVIDE (__noinit_start, .)
 *(.noinit*)
                0x0080020d                PROVIDE (__noinit_end, .)
                0x0080020d                _end = .
                0x0080020d                PROVIDE (__heap_start, .)

.eeprom         0x00810000        0x2
 *(.eeprom*)
 .eeprom        0x00810000        0x2 ./app.o
                0x00810000                eedata
                0x00810002                __eeprom_end = .

.fuse
 *(.fuse)
 *(.lfuse)
 *(.hfuse)
 *(.efuse)

.lock
 *(.lock*)

.signature
 *(.signature*)

.stab           0x00000000      0xde0
 *(.stab)
 .stab          0x00000000      0x42c ./app.o
 .stab          0x0000042c      0x6a8 ./flashing_manager.o
                                0x8a0 (size before relaxing)
 .stab          0x00000ad4      0x30c ./uart.o
                                0x4c8 (size before relaxing)

.stabstr        0x00000000      0xe77
 *(.stabstr)
 .stabstr       0x00000000      0xe77 ./app.o

.stab.excl
 *(.stab.excl)

.stab.exclstr
 *(.stab.exclstr)

.stab.index
 *(.stab.index)

.stab.indexstr
 *(.stab.indexstr)

.comment
 *(.comment)

.debug
 *(.debug)

.line
 *(.line)

.debug_srcinfo
 *(.debug_srcinfo)

.debug_sfnames
 *(.debug_sfnames)

.debug_aranges
 *(.debug_aranges)

.debug_pubnames
 *(.debug_pubnames)

.debug_info
 *(.debug_info)
 *(.gnu.linkonce.wi.*)

.debug_abbrev
 *(.debug_abbrev)

.debug_line
 *(.debug_line)

.debug_frame
 *(.debug_frame)

.debug_str
 *(.debug_str)

.debug_loc
 *(.debug_loc)

.debug_macinfo
 *(.debug_macinfo)
OUTPUT(bootloader_uds.elf elf32-avr)
LOAD linker stubs
